// Vitest Snapshot v1, https://vitest.dev/guide/snapshot.html

exports[`TaskItem > matches the snapshot 1`] = `
<DocumentFragment>
  <div
    class="flex justify-between border px-4 py-2 rounded"
  >
    <span
      class="max-w-xl wrap-break-word min-w-1"
    >
      Test Task
    </span>
    <div
      class="flex items-center gap-4"
    >
      <div
        class="space-x-1"
      >
        <input
          class="text-blue-600 hover:underline"
          data-testid="task-toggle"
          id="task-1"
          name="status"
          type="checkbox"
        />
        <label
          class="hover:underline"
          for="task-1"
        >
          inComplete
        </label>
      </div>
      <button
        class="text-red-500 hover:underline"
      >
        ‚ùå Delete
      </button>
    </div>
  </div>
</DocumentFragment>
`;
